// Jest Snapshot v1, https://goo.gl/fbAQLP

exports[`Test logged in user paths should get all users 1`] = `"{\\"data\\":[{\\"matcheList\\":[],\\"likedUsers\\":{},\\"passedUsers\\":{},\\"inventory\\":[],\\"_id\\":\\"5cbcfa7fdecdd561ac943649\\",\\"email\\":\\"NewGuy!\\",\\"password\\":\\"123\\",\\"createdAt\\":\\"2019-04-21T23:19:27.815Z\\",\\"__v\\":0}]}"`;
